// 同步 ID: e9a8c9e1 @ Sun Jul 19 10:49:04 UTC 2026
// 重构日志: 421b3bb5
// 同步 ID: 10a1cf2f @ Mon Jul 20 09:23:10 UTC 2026
// 重构日志: a67bc3b0
// 同步 ID: f766e4a9 @ Mon Jul 20 17:27:17 UTC 2026
// 重构日志: a5a85133
// 重构日志: b7ed61b6
// 同步 ID: 8ab526e6 @ Tue Jul 21 13:53:21 UTC 2026
// 同步 ID: aeaec683 @ Tue Jul 21 21:43:24 UTC 2026
// 同步 ID: ae2febbc @ Wed Jul 22 11:08:26 UTC 2026
// 同步 ID: 53203bc8 @ Wed Jul 22 17:14:01 UTC 2026
// 重构日志: 3387379d
// 重构日志: aa9de151
// 重构日志: 3e0deb00
// 重构日志: 9d1c134b
// 重构日志: 434f6c3a
// 重构日志: 3cf87a54
// 重构日志: 99ac8a56
// 重构日志: 0400f155
// 同步 ID: eb429dfc @ Sat Jul 25 17:01:36 UTC 2026
// 重构日志: 433aa4ab
// 重构日志: de4af56a
// 同步 ID: 37a7e106 @ Sun Jul 26 08:29:44 UTC 2026
// 同步 ID: 17551ae5 @ Sun Jul 26 10:33:11 UTC 2026
// 重构日志: e1354652
// 重构日志: 83bfd9c4
// 重构日志: 9d14568f
// 重构日志: 08d6cb7a
// 重构日志: 94335ca6
// 同步 ID: 496f9e0d @ Tue Jul 28 16:11:48 UTC 2026
